  Γû▓ Next.js 14.2.35
  - Environments: .env

   Creating an optimized production build ...
 Γ£ô Compiled successfully
   Linting and checking validity of types ...
node.exe : Failed to 
compile.
At line:1 char:1
+ & "C:\Program 
Files\nodejs/node.exe" 
"C:\Program 
Files\nodejs/node_mo ...
+ ~~~~~~~~~~~~~~~~~~~~~~~~
~~~~~~~~~~~~~~~~~~~~~~~~~~
~~~~~~~~~~~~~~~~~~~
    + CategoryInfo        
      : NotSpecified: (F  
  ailed to compile.:Str   
 ing) [], RemoteExcept    
ion
    + FullyQualifiedError 
   Id : NativeCommandErr  
  or
 

./components/games/Science
Quiz.tsx:278:86
Type error: Element 
implicitly has an 'any' 
type because expression 
of type '"biology" | 
"chemistry" | "physics" | 
"earth-science" | 
"astronomy" | 
"environment"' can't be 
used to index type '{ 
biology: string; 
chemistry: string; 
physics: string; 
'earth-science': string; 
}'.
  Property 'astronomy' 
does not exist on type '{ 
biology: string; 
chemistry: string; 
physics: string; 
'earth-science': string; 
}'.

[0m [90m 276 |[39m     
                [33m<[39
m[33m/[39m[33mdiv[39m
[33m>[39m[0m
[0m [90m 277 |[39m     
                
[33m<[39m[33mdiv[39m c
lassName[33m=[39m[32m"f
lex items-center 
gap-2"[39m[33m>[39m[0m
[0m[31m[1m>[22m[39m[
90m 278 |[39m            
             
[33m<[39m[33mspan[39m 
className[33m=[39m{[32m
`px-3 py-1 rounded-full 
text-xs font-bold ${topicC
olors[currentQuestion.cont
ent.topic]}`[39m}[33m>[
39m[0m
[0m [90m     |[39m     
                          
                          
                          
   
[31m[1m^[22m[39m[0m
[0m [90m 279 |[39m     
                        {c
urrentQuestion[33m.[39mc
ontent[33m.[39mtopic[33
m.[39mtoUpperCase()}[0m
[0m [90m 280 |[39m     
                    [33m<
[39m[33m/[39m[33mspan
[39m[33m>[39m[0m
[0m [90m 281 |[39m     
                    
[33m<[39m[33mspan[39m 
className[33m=[39m{[32m
`px-3 py-1 rounded-full 
text-xs font-bold ${curren
tQuestion.difficulty === 
'EASY' ? 'bg-green-100 
text-green-700' :[39m[0m
Next.js build worker 
exited with code: 1 and 
signal: null
