app/api/cron/send-trial-reminders/route.ts(67,25): error TS2322: Type '{ userId: string; type: string; status: string; }' is not assignable to type '(Without<EmailLogCreateInput, EmailLogUncheckedCreateInput> & EmailLogUncheckedCreateInput) | (Without<...> & EmailLogCreateInput)'.
  Type '{ userId: string; type: string; status: string; }' is not assignable to type 'Without<EmailLogCreateInput, EmailLogUncheckedCreateInput> & EmailLogUncheckedCreateInput'.
    Property 'subject' is missing in type '{ userId: string; type: string; status: string; }' but required in type 'EmailLogUncheckedCreateInput'.
app/api/cron/send-trial-reminders/route.ts(81,29): error TS2353: Object literal may only specify known properties, and 'error' does not exist in type 'Without<EmailLogCreateInput, EmailLogUncheckedCreateInput> & EmailLogUncheckedCreateInput'.
app/api/multiplayer/leaderboard/route.ts(36,41): error TS2339: Property 'matchParticipant' does not exist on type 'PrismaClient<PrismaClientOptions, never, DefaultArgs>'.
app/api/multiplayer/leaderboard/route.ts(65,44): error TS2339: Property 'matchParticipant' does not exist on type 'PrismaClient<PrismaClientOptions, never, DefaultArgs>'.
app/api/multiplayer/leaderboard/route.ts(76,53): error TS7006: Parameter 'a' implicitly has an 'any' type.
app/api/multiplayer/match/route.ts(11,43): error TS2339: Property 'multiplayerMatch' does not exist on type 'PrismaClient<PrismaClientOptions, never, DefaultArgs>'.
app/api/multiplayer/match/route.ts(25,36): error TS2339: Property 'multiplayerMatch' does not exist on type 'PrismaClient<PrismaClientOptions, never, DefaultArgs>'.
app/api/subscriptions/verify/route.ts(96,17): error TS2353: Object literal may only specify known properties, and 'plan' does not exist in type 'Without<PaymentTransactionCreateInput, PaymentTransactionUncheckedCreateInput> & PaymentTransactionUncheckedCreateInput'.
app/api/v1/students/[id]/progress/route.ts(122,17): error TS2353: Object literal may only specify known properties, and 'currentStreak' does not exist in type 'UserSelect<DefaultArgs>'.
app/api/v1/students/[id]/progress/route.ts(132,35): error TS2339: Property 'name' does not exist on type '{ classesEnrolled: ({ class: { id: string; name: string; grade: string; subject: Subject | null; emoji: string; classCode: string; createdAt: Date; updatedAt: Date; schoolId: string; teacherId: string; }; } & { ...; })[]; streakData: { ...; } | null; } & { ...; }'.
app/api/v1/students/route.ts(62,21): error TS2353: Object literal may only specify known properties, and 'name' does not exist in type 'UserSelect<DefaultArgs>'.
app/api/v1/students/route.ts(138,21): error TS2353: Object literal may only specify known properties, and 'name' does not exist in type '(Without<UserCreateInput, UserUncheckedCreateInput> & UserUncheckedCreateInput) | (Without<...> & UserCreateInput)'.
app/api/v1/students/route.ts(159,28): error TS2339: Property 'name' does not exist on type '{ id: string; createdAt: Date; updatedAt: Date; schoolId: string; email: string; password: string; firstName: string; lastName: string; role: UserRole; emailVerified: Date | null; avatar: string | null; xp: number; level: number; }'.
app/dashboard/student/achievements/page.tsx(78,99): error TS2339: Property 'title' does not exist on type '{ id: string; name: string; createdAt: Date; description: string; icon: string; xpReward: number; rarity: string; category: string; condition: JsonValue; }'.
components/games/AnalogiesMasterMultiplayer.tsx(108,26): error TS2339: Property 'playOvertake' does not exist on type 'SoundManager'.
components/games/AttentionSwitchMultiplayer.tsx(107,26): error TS2339: Property 'playOvertake' does not exist on type 'SoundManager'.
components/games/CodeBreakerMultiplayer.tsx(102,26): error TS2339: Property 'playOvertake' does not exist on type 'SoundManager'.
components/games/ColorMatch.tsx(114,56): error TS2345: Argument of type '"lightning"' is not assignable to parameter of type '"perfect" | "excellent" | "good" | "tryAgain"'.
components/games/ColorMatchMultiplayer.tsx(103,26): error TS2339: Property 'playOvertake' does not exist on type 'SoundManager'.
components/games/CreativeStoryMultiplayer.tsx(108,26): error TS2339: Property 'playOvertake' does not exist on type 'SoundManager'.
components/games/FocusChallengeMultiplayer.tsx(100,26): error TS2339: Property 'playOvertake' does not exist on type 'SoundManager'.
components/games/LogicGridDetective.tsx(44,26): error TS2304: Cannot find name 'useRef'.
components/games/LogicGridMultiplayer.tsx(108,26): error TS2339: Property 'playOvertake' does not exist on type 'SoundManager'.
components/games/LogicPuzzleMultiplayer.tsx(103,26): error TS2339: Property 'playOvertake' does not exist on type 'SoundManager'.
components/games/MathGridMultiplayer.tsx(107,26): error TS2339: Property 'playOvertake' does not exist on type 'SoundManager'.
components/games/MathGridSudoku.tsx(68,26): error TS2304: Cannot find name 'useRef'.
components/games/MemoryGridAdvancedMultiplayer.tsx(107,26): error TS2339: Property 'playOvertake' does not exist on type 'SoundManager'.
components/games/MemoryMatchMultiplayer.tsx(75,36): error TS2339: Property 'slice' does not exist on type 'ContentPool'.
components/games/MemoryMatchMultiplayer.tsx(79,32): error TS7006: Parameter 'pair' implicitly has an 'any' type.
components/games/MemoryMatchMultiplayer.tsx(79,38): error TS7006: Parameter 'index' implicitly has an 'any' type.
components/games/MemoryMatchMultiplayer.tsx(93,43): error TS2339: Property 'pairId' does not exist on type 'MemoryCard'.
components/games/MemoryMatchMultiplayer.tsx(108,31): error TS2339: Property 'pairId' does not exist on type 'MemoryCard'.
components/games/MemoryMatchMultiplayer.tsx(108,48): error TS2339: Property 'pairId' does not exist on type 'MemoryCard'.
components/games/MemoryMatchMultiplayer.tsx(114,38): error TS2339: Property 'pairId' does not exist on type 'MemoryCard'.
components/games/MemoryMatchMultiplayer.tsx(131,38): error TS2339: Property 'playOvertake' does not exist on type 'SoundManager'.
components/games/MemoryMatchMultiplayer.tsx(146,38): error TS2339: Property 'playOvertake' does not exist on type 'SoundManager'.
components/games/MemoryMatchMultiplayer.tsx(292,103): error TS2339: Property 'pairId' does not exist on type 'MemoryCard'.
components/games/MemoryMatchMultiplayer.tsx(302,67): error TS2339: Property 'pairId' does not exist on type 'MemoryCard'.
components/games/MemoryMatchMultiplayer.tsx(304,55): error TS2339: Property 'content' does not exist on type 'MemoryCard'.
components/games/MemoryMatrixMultiplayer.tsx(105,26): error TS2339: Property 'playOvertake' does not exist on type 'SoundManager'.
components/games/MiniStrategyMultiplayer.tsx(108,26): error TS2339: Property 'playOvertake' does not exist on type 'SoundManager'.
components/games/PatternSequenceMultiplayer.tsx(103,26): error TS2339: Property 'playOvertake' does not exist on type 'SoundManager'.
components/games/RiddleSprintMultiplayer.tsx(112,26): error TS2339: Property 'playOvertake' does not exist on type 'SoundManager'.
components/games/ScienceQuizMultiplayer.tsx(105,26): error TS2339: Property 'playOvertake' does not exist on type 'SoundManager'.
components/games/SequenceBuilderMultiplayer.tsx(101,26): error TS2339: Property 'playOvertake' does not exist on type 'SoundManager'.
components/games/ShapeConstructorMultiplayer.tsx(108,26): error TS2339: Property 'playOvertake' does not exist on type 'SoundManager'.
components/games/SpeedMathMultiplayer.tsx(123,26): error TS2339: Property 'playOvertake' does not exist on type 'SoundManager'.
components/games/StrategyBuilderMultiplayer.tsx(107,26): error TS2339: Property 'playOvertake' does not exist on type 'SoundManager'.
components/games/TypingSpeedMultiplayer.tsx(103,26): error TS2339: Property 'playSpeed' does not exist on type 'SoundManager'.
components/games/TypingSpeedMultiplayer.tsx(115,26): error TS2339: Property 'playOvertake' does not exist on type 'SoundManager'.
components/games/VisualRotationMultiplayer.tsx(108,26): error TS2339: Property 'playOvertake' does not exist on type 'SoundManager'.
components/games/WordScrambleMultiplayer.tsx(104,26): error TS2339: Property 'playOvertake' does not exist on type 'SoundManager'.
components/games/WorldFlagsMultiplayer.tsx(98,26): error TS2339: Property 'playSpeedBonus' does not exist on type 'SoundManager'.
components/games/WorldFlagsMultiplayer.tsx(110,26): error TS2339: Property 'playOvertake' does not exist on type 'SoundManager'.
lib/analytics/track.ts(42,17): error TS2353: Object literal may only specify known properties, and 'schoolId' does not exist in type '(Without<AnalyticsEventCreateInput, AnalyticsEventUncheckedCreateInput> & AnalyticsEventUncheckedCreateInput) | (Without<...> & AnalyticsEventCreateInput)'.
lib/cache/utils.ts(29,40): error TS2345: Argument of type '{ ex: number | undefined; }' is not assignable to parameter of type 'SetCommandOptions | undefined'.
  Type '{ ex: number | undefined; }' is not assignable to type '({ get?: boolean | undefined; } & { ex: number; px?: undefined; exat?: undefined; pxat?: undefined; keepTtl?: undefined; } & { nx: true; xx?: undefined; }) | ({ get?: boolean | undefined; } & { ex: number; px?: undefined; exat?: undefined; pxat?: undefined; keepTtl?: undefined; } & { ...; }) | ... 15 more ... | ({ ....'.
    Type '{ ex: number | undefined; }' is not assignable to type '{ get?: boolean | undefined; } & { ex?: undefined; px?: undefined; exat?: undefined; pxat?: undefined; keepTtl?: undefined; } & { xx?: undefined; nx?: undefined; }'.
      Type '{ ex: number | undefined; }' is not assignable to type '{ ex?: undefined; px?: undefined; exat?: undefined; pxat?: undefined; keepTtl?: undefined; }'.
        Types of property 'ex' are incompatible.
          Type 'number | undefined' is not assignable to type 'undefined'.
            Type 'number' is not assignable to type 'undefined'.
lib/challenges/generator.ts(73,13): error TS2322: Type 'string' is not assignable to type 'GameType'.
lib/challenges/generator.ts(112,9): error TS2322: Type '{ userId: string; challengeId: string; score: number; }' is not assignable to type '(Without<ChallengeCompletionCreateInput, ChallengeCompletionUncheckedCreateInput> & ChallengeCompletionUncheckedCreateInput) | (Without<...> & ChallengeCompletionCreateInput)'.
  Type '{ userId: string; challengeId: string; score: number; }' is not assignable to type 'Without<ChallengeCompletionCreateInput, ChallengeCompletionUncheckedCreateInput> & ChallengeCompletionUncheckedCreateInput'.
    Property 'earnedXP' is missing in type '{ userId: string; challengeId: string; score: number; }' but required in type 'ChallengeCompletionUncheckedCreateInput'.
lib/challenges/generator.ts(123,40): error TS2339: Property 'xpReward' does not exist on type '{ id: string; createdAt: Date; description: string; gameType: GameType; difficulty: string; date: Date; bonusXP: number; }'.
lib/emails/send.ts(23,13): error TS2322: Type 'Promise<string>' is not assignable to type 'string'.
lib/emails/templates/streak-reminder.tsx(27,39): error TS2322: Type 'number' is not assignable to type 'ReactNode & string'.
lib/emails/templates/trial-ending.tsx(29,53): error TS2322: Type 'number' is not assignable to type 'ReactNode & string'.
lib/game-engine/adaptive-difficulty.ts(34,17): error TS2561: Object literal may only specify known properties, but 'studentId_gameType' does not exist in type 'DifficultyProgressionWhereUniqueInput'. Did you mean to write 'userId_gameType'?
lib/game-engine/adaptive-difficulty.ts(41,44): error TS2339: Property 'currentDifficulty' does not exist on type '{ id: string; updatedAt: Date; gameType: GameType; difficulty: string; userId: string; sessionsPlayed: number; averageAccuracy: number; lastAdjustedAt: Date; }'.
lib/game-engine/adaptive-difficulty.ts(47,17): error TS2322: Type 'string' is not assignable to type 'GameType | EnumGameTypeFilter<"GameResult"> | undefined'.
lib/game-engine/adaptive-difficulty.ts(142,17): error TS2561: Object literal may only specify known properties, but 'studentId_gameType' does not exist in type 'DifficultyProgressionWhereUniqueInput'. Did you mean to write 'userId_gameType'?
lib/game-engine/adaptive-difficulty.ts(148,17): error TS2353: Object literal may only specify known properties, and 'currentDifficulty' does not exist in type '(Without<DifficultyProgressionUpdateInput, DifficultyProgressionUncheckedUpdateInput> & DifficultyProgressionUncheckedUpdateInput) | (Without<...> & DifficultyProgressionUpdateInput)'.
lib/game-engine/adaptive-difficulty.ts(153,17): error TS2322: Type 'string' is not assignable to type 'GameType'.
lib/game-engine/adaptive-difficulty.ts(215,17): error TS2561: Object literal may only specify known properties, but 'studentId_gameType' does not exist in type 'DifficultyProgressionWhereUniqueInput'. Did you mean to write 'userId_gameType'?
lib/game-engine/adaptive-difficulty.ts(222,30): error TS2339: Property 'currentDifficulty' does not exist on type '{ id: string; updatedAt: Date; gameType: GameType; difficulty: string; userId: string; sessionsPlayed: number; averageAccuracy: number; lastAdjustedAt: Date; }'.
lib/game-engine/content-pools/kids-typing-tutor.ts(206,18): error TS2322: Type '{ id: string; type: string; difficulty: "EASY" | "MEDIUM" | "HARD"; content: { text: string; targetWPM: number; lesson: string; level: number; focusKeys: string[]; }; correctAnswer: number; timeLimit: number; }[]' is not assignable to type 'Question[]'.
  Property 'points' is missing in type '{ id: string; type: string; difficulty: "EASY" | "MEDIUM" | "HARD"; content: { text: string; targetWPM: number; lesson: string; level: number; focusKeys: string[]; }; correctAnswer: number; timeLimit: number; }' but required in type 'Question'.
lib/game-engine/content-pools/kids-typing-tutor.ts(206,24): error TS2322: Type '{ id: string; type: string; difficulty: "EASY" | "MEDIUM" | "HARD"; content: { text: string; targetWPM: number; lesson: string; level: number; focusKeys: string[]; }; correctAnswer: number; timeLimit: number; }[]' is not assignable to type 'Question[]'.
  Property 'points' is missing in type '{ id: string; type: string; difficulty: "EASY" | "MEDIUM" | "HARD"; content: { text: string; targetWPM: number; lesson: string; level: number; focusKeys: string[]; }; correctAnswer: number; timeLimit: number; }' but required in type 'Question'.
lib/game-engine/content-pools/kids-typing-tutor.ts(206,32): error TS2322: Type '{ id: string; type: string; difficulty: "EASY" | "MEDIUM" | "HARD"; content: { text: string; targetWPM: number; lesson: string; level: number; focusKeys: string[]; }; correctAnswer: number; timeLimit: number; }[]' is not assignable to type 'Question[]'.
  Property 'points' is missing in type '{ id: string; type: string; difficulty: "EASY" | "MEDIUM" | "HARD"; content: { text: string; targetWPM: number; lesson: string; level: number; focusKeys: string[]; }; correctAnswer: number; timeLimit: number; }' but required in type 'Question'.
lib/game-engine/content-pools/kids-typing-tutor.ts(206,38): error TS2322: Type '{ id: string; type: string; difficulty: "EASY" | "MEDIUM" | "HARD"; content: { text: string; targetWPM: number; lesson: string; level: number; focusKeys: string[]; }; correctAnswer: number; timeLimit: number; }[]' is not assignable to type 'Question[]'.
  Property 'points' is missing in type '{ id: string; type: string; difficulty: "EASY" | "MEDIUM" | "HARD"; content: { text: string; targetWPM: number; lesson: string; level: number; focusKeys: string[]; }; correctAnswer: number; timeLimit: number; }' but required in type 'Question'.
prisma/seed-demo-account.ts(13,9): error TS2322: Type '{ name: string; domain: string; }' is not assignable to type '(Without<SchoolCreateInput, SchoolUncheckedCreateInput> & SchoolUncheckedCreateInput) | (Without<...> & SchoolCreateInput)'.
  Type '{ name: string; domain: string; }' is not assignable to type 'Without<SchoolUncheckedCreateInput, SchoolCreateInput> & SchoolCreateInput'.
    Property 'slug' is missing in type '{ name: string; domain: string; }' but required in type 'SchoolCreateInput'.
prisma/seed.ts(13,9): error TS2322: Type '{ id: string; name: string; domain: string; }' is not assignable to type '(Without<SchoolCreateInput, SchoolUncheckedCreateInput> & SchoolUncheckedCreateInput) | (Without<...> & SchoolCreateInput)'.
  Type '{ id: string; name: string; domain: string; }' is not assignable to type 'Without<SchoolUncheckedCreateInput, SchoolCreateInput> & SchoolCreateInput'.
    Property 'slug' is missing in type '{ id: string; name: string; domain: string; }' but required in type 'SchoolCreateInput'.
