app/api/cron/leaderboard-validation/route.ts(38,23): error TS2353: Object literal may only specify known properties, and 'userId' does not exist in type 'LeaderboardSelect<DefaultArgs>'.
app/api/cron/leaderboard-validation/route.ts(69,48): error TS2339: Property 'userId' does not exist on type '{ id: string; updatedAt: Date; studentId: string; studentName: string; weekStart: Date; rank: number; weeklyXP: number; totalXP: number; }'.
app/api/cron/leaderboard-validation/route.ts(73,102): error TS2339: Property 'userId' does not exist on type '{ id: string; updatedAt: Date; studentId: string; studentName: string; weekStart: Date; rank: number; weeklyXP: number; totalXP: number; }'.
app/api/cron/quarterly-access-review/route.ts(86,13): error TS2322: Type '"QUARTERLY_ACCESS_REVIEW"' is not assignable to type 'AuditAction'.
app/api/games/session/route.ts(92,35): error TS2339: Property 'maxSteps' does not exist on type 'GradeDifficultyConfig'.
app/api/multiplayer/leaderboard/route.ts(24,57): error TS2345: Argument of type 'number' is not assignable to parameter of type 'LeaderboardBoardType | undefined'.
